// Jest Snapshot v1, https://goo.gl/fbAQLP

exports[`The Numbers component should render correctly 1`] = `
<DocumentFragment>
  <div
    class="Numbers"
  >
    <button>
      0
    </button>
    <button>
      1
    </button>
    <button>
      2
    </button>
    <button>
      3
    </button>
    <button>
      4
    </button>
    <button>
      5
    </button>
    <button>
      6
    </button>
    <button>
      7
    </button>
    <button>
      8
    </button>
    <button>
      9
    </button>
    <button>
      .
    </button>
  </div>
</DocumentFragment>
`;
